Parse quality:	 60.68%

Average total links:	4.56
Average ignored links:	0.00
Average missing links:	1.91
Average extra links:	25.43

Recall:		0.6068
Precision:	0.0968
F1:		0.1669

Total sentences: 88.00

