Sentence Differs:
jack can't sleep at night .
in tokens:["can't"]<--->["'", 'can', 't']
