Sentence appear to have different tokenization:
jack can't sleep at night .
in tokens:["can't"]<--->["'", 'can', 't']

