Parse quality:	 100.00%

Average total links:	14.60
Average ignored links:	3.15
Average missing links:	0.00
Average extra links:	0.00

Recall:		1.0000
Precision:	1.0000
F1:		1.0000

Total sentences:	281.00
Skipped sentences:	64.00

