Parse quality:	100.00%

Average total links:	7.56
Average ignored links:	0.00
Average missing links:	0.00
Average extra links:	0.00

Recall:		1.0000
Precision:	1.0000
F1:		1.0000

Total sentences:	88.00
Skipped sentences:	0.00

